
> devops@1.0.0 test
> mocha app.js



  test1
    ✔ test1
    ✔ test2
    ✔ test3


  3 passing (13ms)

